MPLAB ASM30 Listing:  Flash Operations.s 			page 1


   1              	;*************************************************************************
   2              	;*
   3              	;*   Emulating Data EEPROM for PIC24 Microcontrollers and
   4              	;*           dsPIC Digital Signal Controllers
   5              	;*
   6              	;*************************************************************************
   7              	;* FileName:     Flash Operations.s
   8              	;* Compiler:     MPLAB C30, v2.01 or higher
   9              	;* Company:      Microchip Technology, Inc.
  10              	;*
  11              	;* Software License Agreement
  12              	;*
  13              	;* Copyright © 2007 Microchip Technology Inc. All rights reserved.
  14              	;*
  15              	;* Microchip licenses to you the right to use, modify, copy and distribute
  16              	;* Software only when embedded on a Microchip microcontroller or digital
  17              	;* signal controller, which is integrated into your product or third party
  18              	;* product (pursuant to the sublicense terms in the accompanying license
  19              	;* agreement).
  20              	;*
  21              	;* You should refer to the license agreement accompanying this Software for
  22              	;* additional information regarding your rights and obligations.
  23              	;*
  24              	;* SOFTWARE AND DOCUMENTATION ARE PROVIDED AS IS WITHOUT WARRANTY OF ANY
  25              	;* KIND, EITHER EXPRESS OR IMPLIED, INCLUDING WITHOUT LIMITATION, ANY
  26              	;* WARRANTY OF MERCHANTABILITY, TITLE, NON-INFRINGEMENT AND FITNESS FOR A
  27              	;* PARTICULAR PURPOSE. IN NO EVENT SHALL MICROCHIP OR ITS LICENSORS BE
  28              	;* LIABLE OR OBLIGATED UNDER CONTRACT, NEGLIGENCE, STRICT LIABILITY,
  29              	;* CONTRIBUTION, BREACH OF WARRANTY, OR OTHER LEGAL EQUITABLE THEORY ANY
  30              	;* DIRECT OR INDIRECT DAMAGES OR EXPENSES INCLUDING BUT NOT LIMITED TO ANY
  31              	;* INCIDENTAL, SPECIAL, INDIRECT, PUNITIVE OR CONSEQUENTIAL DAMAGES, LOST
  32              	;* PROFITS OR LOST DATA, COST OF PROCUREMENT OF SUBSTITUTE GOODS, TECHNOLOGY,
  33              	;* SERVICES, OR ANY CLAIMS BY THIRD PARTIES (INCLUDING BUT NOT LIMITED TO
  34              	;* ANY DEFENSE THEREOF), OR OTHER SIMILAR COSTS.
  35              	;*
  36              	;* Author        Date        Comment
  37              	;*************************************************************************
  38              	;* D. Otten      2007/05/01  Version 1.0.0 - Initial Release
  39              	;* D. Otten      2007/05/15  Version 1.0.1 - First publication release
  40              	;************************************************************************/
  41              	.global _ReadPMHigh
  42              	.global _ReadPMLow
  43              	.global _UnlockPM
  44              	.global _WritePMHigh
  45              	.global _WritePMHighB
  46              	.global _WritePMLow
  47              	.global _WritePMLowB
  48              	
  49              	.section .text
  50              	_ReadPMHigh:
  51 000000  10 80 BA 		tblrdh [W0],W0
  52 000002  00 00 06 		return
  53              	
  54              	_ReadPMLow:
  55 000004  10 00 BA 		tblrdl [W0],W0
  56 000006  00 00 06 		return		
  57              		
MPLAB ASM30 Listing:  Flash Operations.s 			page 2


  58              	_UnlockPM:
  59 000008  80 1F 78 		push	W0
  60 00000a  05 00 FC 		disi	#5
  61 00000c  50 05 20 		mov		#0x55,W0
  62 00000e  00 00 88 		mov		W0, NVMKEY
  63 000010  A0 0A 20 		mov		#0xAA, W0
  64 000012  00 00 88 		mov		W0, NVMKEY
  65 000014  01 E0 A8 		bset	NVMCON, #15
  66 000016  00 00 00 		nop
  67 000018  00 00 00 		nop
  68 00001a  01 E0 AF 		btsc	NVMCON, #15
  69 00001c  FE FF 37 		bra		$-2
  70 00001e  4F 00 78 		pop		W0
  71 000020  00 00 06 		return	
  72              		
  73              	_WritePMHigh:
  74 000022  80 88 BB 		tblwth	W0,[W1]
  75 000024  00 00 06 		return
  76              	
  77              	_WritePMHighB:
  78 000026  80 C8 BB 		tblwth.b	W0,[W1]
  79 000028  00 00 06 		return
  80              	
  81              	_WritePMLow:
  82 00002a  80 08 BB 		tblwtl	W0,[W1]
  83 00002c  00 00 06 		return
  84              	
  85              	_WritePMLowB:
  86 00002e  80 48 BB 		tblwtl.b	W0,[W1]
  87 000030  00 00 06 		return
  88              		
  89              	.end
